Simulator report for light
Thu Jun 03 16:17:26 2021
Quartus II Version 9.1 Build 350 03/24/2010 Service Pack 2 SJ Web Edition


---------------------
; Table of Contents ;
---------------------
  1. Legal Notice
  2. Simulator Summary
  3. Simulator Settings
  4. Simulation Waveforms
  5. Coverage Summary
  6. Complete 1/0-Value Coverage
  7. Missing 1-Value Coverage
  8. Missing 0-Value Coverage
  9. Simulator INI Usage
 10. Simulator Messages



----------------
; Legal Notice ;
----------------
Copyright (C) 1991-2010 Altera Corporation
Your use of Altera Corporation's design tools, logic functions 
and other software and tools, and its AMPP partner logic 
functions, and any output files from any of the foregoing 
(including device programming or simulation files), and any 
associated documentation or information are expressly subject 
to the terms and conditions of the Altera Program License 
Subscription Agreement, Altera MegaCore Function License 
Agreement, or other applicable license agreement, including, 
without limitation, that your use is for the sole purpose of 
programming logic devices manufactured by Altera and sold by 
Altera or its authorized distributors.  Please refer to the 
applicable agreement for further details.



+--------------------------------------------+
; Simulator Summary                          ;
+-----------------------------+--------------+
; Type                        ; Value        ;
+-----------------------------+--------------+
; Simulation Start Time       ; 0 ps         ;
; Simulation End Time         ; 3.0 us       ;
; Simulation Netlist Size     ; 107 nodes    ;
; Simulation Coverage         ;      95.33 % ;
; Total Number of Transitions ; 9368         ;
; Simulation Breakpoints      ; 0            ;
; Family                      ; Cyclone II   ;
; Device                      ; EP2C8Q208C8  ;
+-----------------------------+--------------+


+-------------------------------------------------------------------------------------------------------------------------+
; Simulator Settings                                                                                                      ;
+--------------------------------------------------------------------------------------------+------------+---------------+
; Option                                                                                     ; Setting    ; Default Value ;
+--------------------------------------------------------------------------------------------+------------+---------------+
; Simulation mode                                                                            ; Timing     ; Timing        ;
; Start time                                                                                 ; 0 ns       ; 0 ns          ;
; Simulation results format                                                                  ; CVWF       ;               ;
; Vector input source                                                                        ; light.vwf  ;               ;
; Add pins automatically to simulation output waveforms                                      ; On         ; On            ;
; Check outputs                                                                              ; Off        ; Off           ;
; Report simulation coverage                                                                 ; On         ; On            ;
; Display complete 1/0 value coverage report                                                 ; On         ; On            ;
; Display missing 1-value coverage report                                                    ; On         ; On            ;
; Display missing 0-value coverage report                                                    ; On         ; On            ;
; Detect setup and hold time violations                                                      ; Off        ; Off           ;
; Detect glitches                                                                            ; Off        ; Off           ;
; Disable timing delays in Timing Simulation                                                 ; Off        ; Off           ;
; Generate Signal Activity File                                                              ; Off        ; Off           ;
; Generate VCD File for PowerPlay Power Analyzer                                             ; Off        ; Off           ;
; Group bus channels in simulation results                                                   ; Off        ; Off           ;
; Preserve fewer signal transitions to reduce memory requirements                            ; On         ; On            ;
; Trigger vector comparison with the specified mode                                          ; INPUT_EDGE ; INPUT_EDGE    ;
; Disable setup and hold time violations detection in input registers of bi-directional pins ; Off        ; Off           ;
; Overwrite Waveform Inputs With Simulation Outputs                                          ; On         ;               ;
; Perform Glitch Filtering in Timing Simulation                                              ; Auto       ; Auto          ;
+--------------------------------------------------------------------------------------------+------------+---------------+


+----------------------+
; Simulation Waveforms ;
+----------------------+
Waveform report data cannot be output to ASCII.
Please use Quartus II to view the waveform report data.


+--------------------------------------------------------------------+
; Coverage Summary                                                   ;
+-----------------------------------------------------+--------------+
; Type                                                ; Value        ;
+-----------------------------------------------------+--------------+
; Total coverage as a percentage                      ;      95.33 % ;
; Total nodes checked                                 ; 107          ;
; Total output ports checked                          ; 107          ;
; Total output ports with complete 1/0-value coverage ; 102          ;
; Total output ports with no 1/0-value coverage       ; 5            ;
; Total output ports with no 1-value coverage         ; 5            ;
; Total output ports with no 0-value coverage         ; 5            ;
+-----------------------------------------------------+--------------+


The following table displays output ports that toggle between 1 and 0 during simulation.
+------------------------------------------------------------------------------------------------------------------+
; Complete 1/0-Value Coverage                                                                                      ;
+-----------------------------------------------+-----------------------------------------------+------------------+
; Node Name                                     ; Output Port Name                              ; Output Port Type ;
+-----------------------------------------------+-----------------------------------------------+------------------+
; |light|Block4:inst14|74168:inst1|29           ; |light|Block4:inst14|74168:inst1|29           ; regout           ;
; |light|Block4:inst14|74168:inst1|15           ; |light|Block4:inst14|74168:inst1|15           ; regout           ;
; |light|Block4:inst14|74168:inst|15            ; |light|Block4:inst14|74168:inst|15            ; regout           ;
; |light|Block4:inst15|74168:inst|15            ; |light|Block4:inst15|74168:inst|15            ; regout           ;
; |light|Block4:inst15|74168:inst1|29           ; |light|Block4:inst15|74168:inst1|29           ; regout           ;
; |light|Block4:inst15|74168:inst1|15           ; |light|Block4:inst15|74168:inst1|15           ; regout           ;
; |light|Block4:inst14|74168:inst1|29~0         ; |light|Block4:inst14|74168:inst1|29~0         ; combout          ;
; |light|Block4:inst14|74168:inst1|15~0         ; |light|Block4:inst14|74168:inst1|15~0         ; combout          ;
; |light|Block4:inst14|74168:inst|15~0          ; |light|Block4:inst14|74168:inst|15~0          ; combout          ;
; |light|Block4:inst15|74168:inst|15~0          ; |light|Block4:inst15|74168:inst|15~0          ; combout          ;
; |light|Block4:inst15|74168:inst1|29~0         ; |light|Block4:inst15|74168:inst1|29~0         ; combout          ;
; |light|Block4:inst15|74168:inst1|15~0         ; |light|Block4:inst15|74168:inst1|15~0         ; combout          ;
; |light|CONTROL:inst|7474:inst|10              ; |light|CONTROL:inst|7474:inst|10              ; regout           ;
; |light|CONTROL:inst|7474:inst|9               ; |light|CONTROL:inst|7474:inst|9               ; regout           ;
; |light|inst2                                  ; |light|inst2                                  ; combout          ;
; |light|inst3                                  ; |light|inst3                                  ; combout          ;
; |light|inst29~0                               ; |light|inst29~0                               ; combout          ;
; |light|inst5~0                                ; |light|inst5~0                                ; combout          ;
; |light|inst4~0                                ; |light|inst4~0                                ; combout          ;
; |light|inst5~1                                ; |light|inst5~1                                ; combout          ;
; |light|Block4:inst14|74168:inst|29            ; |light|Block4:inst14|74168:inst|29            ; regout           ;
; |light|Block4:inst14|inst3~0                  ; |light|Block4:inst14|inst3~0                  ; combout          ;
; |light|Block4:inst14|74168:inst1|3            ; |light|Block4:inst14|74168:inst1|3            ; regout           ;
; |light|Block4:inst14|74168:inst1|12~0         ; |light|Block4:inst14|74168:inst1|12~0         ; combout          ;
; |light|Block4:inst14|74168:inst|49            ; |light|Block4:inst14|74168:inst|49            ; regout           ;
; |light|Block4:inst14|74168:inst|3             ; |light|Block4:inst14|74168:inst|3             ; regout           ;
; |light|Block4:inst14|74168:inst|78~0          ; |light|Block4:inst14|74168:inst|78~0          ; combout          ;
; |light|Block4:inst14|inst3                    ; |light|Block4:inst14|inst3                    ; combout          ;
; |light|Block4:inst15|74168:inst|49            ; |light|Block4:inst15|74168:inst|49            ; regout           ;
; |light|Block4:inst15|74168:inst|29            ; |light|Block4:inst15|74168:inst|29            ; regout           ;
; |light|Block4:inst15|74168:inst|3             ; |light|Block4:inst15|74168:inst|3             ; regout           ;
; |light|Block4:inst15|74168:inst1|49           ; |light|Block4:inst15|74168:inst1|49           ; regout           ;
; |light|Block4:inst15|74168:inst1|3            ; |light|Block4:inst15|74168:inst1|3            ; regout           ;
; |light|Block4:inst15|inst3~0                  ; |light|Block4:inst15|inst3~0                  ; combout          ;
; |light|Block4:inst15|74168:inst1|12~0         ; |light|Block4:inst15|74168:inst1|12~0         ; combout          ;
; |light|Block4:inst15|74168:inst|78~0          ; |light|Block4:inst15|74168:inst|78~0          ; combout          ;
; |light|Block4:inst15|inst3                    ; |light|Block4:inst15|inst3                    ; combout          ;
; |light|CONTROL:inst|inst12~0                  ; |light|CONTROL:inst|inst12~0                  ; combout          ;
; |light|CONTROL:inst|7474:inst|9~0             ; |light|CONTROL:inst|7474:inst|9~0             ; combout          ;
; |light|CONTROL:inst|inst16~0                  ; |light|CONTROL:inst|inst16~0                  ; combout          ;
; |light|Block4:inst14|74168:inst|78~1          ; |light|Block4:inst14|74168:inst|78~1          ; combout          ;
; |light|Block4:inst14|74168:inst|27~0          ; |light|Block4:inst14|74168:inst|27~0          ; combout          ;
; |light|Block4:inst14|74168:inst|27~1          ; |light|Block4:inst14|74168:inst|27~1          ; combout          ;
; |light|Block4:inst14|74168:inst1|50~1         ; |light|Block4:inst14|74168:inst1|50~1         ; combout          ;
; |light|Block4:inst14|74168:inst1|26~0         ; |light|Block4:inst14|74168:inst1|26~0         ; combout          ;
; |light|Block4:inst14|74168:inst1|26~1         ; |light|Block4:inst14|74168:inst1|26~1         ; combout          ;
; |light|Block4:inst14|74168:inst1|26~3         ; |light|Block4:inst14|74168:inst1|26~3         ; combout          ;
; |light|Block4:inst14|74168:inst1|32~0         ; |light|Block4:inst14|74168:inst1|32~0         ; combout          ;
; |light|Block4:inst14|74168:inst|78            ; |light|Block4:inst14|74168:inst|78            ; combout          ;
; |light|Block4:inst14|74168:inst1|4~0          ; |light|Block4:inst14|74168:inst1|4~0          ; combout          ;
; |light|Block4:inst14|74168:inst1|12~1         ; |light|Block4:inst14|74168:inst1|12~1         ; combout          ;
; |light|xuanze:inst12|74153:inst|10~0          ; |light|xuanze:inst12|74153:inst|10~0          ; combout          ;
; |light|Block4:inst14|74168:inst|47~0          ; |light|Block4:inst14|74168:inst|47~0          ; combout          ;
; |light|Block4:inst14|74168:inst|47~1          ; |light|Block4:inst14|74168:inst|47~1          ; combout          ;
; |light|Block4:inst14|74168:inst|51~0          ; |light|Block4:inst14|74168:inst|51~0          ; combout          ;
; |light|Block4:inst14|74168:inst|47~2          ; |light|Block4:inst14|74168:inst|47~2          ; combout          ;
; |light|Block4:inst14|74168:inst|14~0          ; |light|Block4:inst14|74168:inst|14~0          ; combout          ;
; |light|Block4:inst14|74168:inst|4~0           ; |light|Block4:inst14|74168:inst|4~0           ; combout          ;
; |light|inst24~0                               ; |light|inst24~0                               ; combout          ;
; |light|inst24~1                               ; |light|inst24~1                               ; combout          ;
; |light|Block4:inst15|74168:inst|78~1          ; |light|Block4:inst15|74168:inst|78~1          ; combout          ;
; |light|Block4:inst15|74168:inst|51~0          ; |light|Block4:inst15|74168:inst|51~0          ; combout          ;
; |light|Block4:inst15|74168:inst|47~0          ; |light|Block4:inst15|74168:inst|47~0          ; combout          ;
; |light|CONTROL:inst|inst21~0                  ; |light|CONTROL:inst|inst21~0                  ; combout          ;
; |light|Block4:inst15|74168:inst|78~2          ; |light|Block4:inst15|74168:inst|78~2          ; combout          ;
; |light|Block4:inst15|74168:inst|27~0          ; |light|Block4:inst15|74168:inst|27~0          ; combout          ;
; |light|Block4:inst15|74168:inst|14~0          ; |light|Block4:inst15|74168:inst|14~0          ; combout          ;
; |light|inst21~0                               ; |light|inst21~0                               ; combout          ;
; |light|Block4:inst15|74168:inst|4~0           ; |light|Block4:inst15|74168:inst|4~0           ; combout          ;
; |light|Block4:inst15|74168:inst1|50~0         ; |light|Block4:inst15|74168:inst1|50~0         ; combout          ;
; |light|Block4:inst15|74168:inst1|50~1         ; |light|Block4:inst15|74168:inst1|50~1         ; combout          ;
; |light|Block4:inst15|74168:inst|78            ; |light|Block4:inst15|74168:inst|78            ; combout          ;
; |light|Block4:inst15|74168:inst1|26~0         ; |light|Block4:inst15|74168:inst1|26~0         ; combout          ;
; |light|Block4:inst15|74168:inst1|26~1         ; |light|Block4:inst15|74168:inst1|26~1         ; combout          ;
; |light|Block4:inst15|74168:inst1|26~2         ; |light|Block4:inst15|74168:inst1|26~2         ; combout          ;
; |light|Block4:inst15|74168:inst1|32~0         ; |light|Block4:inst15|74168:inst1|32~0         ; combout          ;
; |light|Block4:inst15|74168:inst1|12~1         ; |light|Block4:inst15|74168:inst1|12~1         ; combout          ;
; |light|Block4:inst15|74168:inst1|4~0          ; |light|Block4:inst15|74168:inst1|4~0          ; combout          ;
; |light|xuanze:inst12|74153:inst|10~0_wirecell ; |light|xuanze:inst12|74153:inst|10~0_wirecell ; combout          ;
; |light|AGREEN                                 ; |light|AGREEN                                 ; padio            ;
; |light|AYELLOW                                ; |light|AYELLOW                                ; padio            ;
; |light|ARED                                   ; |light|ARED                                   ; padio            ;
; |light|BGREEN                                 ; |light|BGREEN                                 ; padio            ;
; |light|BYELLOW                                ; |light|BYELLOW                                ; padio            ;
; |light|BRED                                   ; |light|BRED                                   ; padio            ;
; |light|poutputlo                              ; |light|poutputlo                              ; padio            ;
; |light|Age[3]                                 ; |light|Age[3]                                 ; padio            ;
; |light|Age[2]                                 ; |light|Age[2]                                 ; padio            ;
; |light|Age[1]                                 ; |light|Age[1]                                 ; padio            ;
; |light|Age[0]                                 ; |light|Age[0]                                 ; padio            ;
; |light|Ashi[2]                                ; |light|Ashi[2]                                ; padio            ;
; |light|Ashi[1]                                ; |light|Ashi[1]                                ; padio            ;
; |light|Ashi[0]                                ; |light|Ashi[0]                                ; padio            ;
; |light|Bge[3]                                 ; |light|Bge[3]                                 ; padio            ;
; |light|Bge[2]                                 ; |light|Bge[2]                                 ; padio            ;
; |light|Bge[1]                                 ; |light|Bge[1]                                 ; padio            ;
; |light|Bge[0]                                 ; |light|Bge[0]                                 ; padio            ;
; |light|Bshi[3]                                ; |light|Bshi[3]                                ; padio            ;
; |light|Bshi[2]                                ; |light|Bshi[2]                                ; padio            ;
; |light|Bshi[1]                                ; |light|Bshi[1]                                ; padio            ;
; |light|Bshi[0]                                ; |light|Bshi[0]                                ; padio            ;
; |light|CLK                                    ; |light|CLK~corein                             ; combout          ;
+-----------------------------------------------+-----------------------------------------------+------------------+


The following table displays output ports that do not toggle to 1 during simulation.
+--------------------------------------------------------------------------------------------------+
; Missing 1-Value Coverage                                                                         ;
+---------------------------------------+---------------------------------------+------------------+
; Node Name                             ; Output Port Name                      ; Output Port Type ;
+---------------------------------------+---------------------------------------+------------------+
; |light|Block4:inst14|74168:inst1|49   ; |light|Block4:inst14|74168:inst1|49   ; regout           ;
; |light|Block4:inst14|74168:inst1|50~0 ; |light|Block4:inst14|74168:inst1|50~0 ; combout          ;
; |light|Block4:inst14|74168:inst1|26~2 ; |light|Block4:inst14|74168:inst1|26~2 ; combout          ;
; |light|Ashi[3]                        ; |light|Ashi[3]                        ; padio            ;
; |light|P                              ; |light|P~corein                       ; combout          ;
+---------------------------------------+---------------------------------------+------------------+


The following table displays output ports that do not toggle to 0 during simulation.
+--------------------------------------------------------------------------------------------------+
; Missing 0-Value Coverage                                                                         ;
+---------------------------------------+---------------------------------------+------------------+
; Node Name                             ; Output Port Name                      ; Output Port Type ;
+---------------------------------------+---------------------------------------+------------------+
; |light|Block4:inst14|74168:inst1|49   ; |light|Block4:inst14|74168:inst1|49   ; regout           ;
; |light|Block4:inst14|74168:inst1|50~0 ; |light|Block4:inst14|74168:inst1|50~0 ; combout          ;
; |light|Block4:inst14|74168:inst1|26~2 ; |light|Block4:inst14|74168:inst1|26~2 ; combout          ;
; |light|Ashi[3]                        ; |light|Ashi[3]                        ; padio            ;
; |light|P                              ; |light|P~corein                       ; combout          ;
+---------------------------------------+---------------------------------------+------------------+


+---------------------+
; Simulator INI Usage ;
+--------+------------+
; Option ; Usage      ;
+--------+------------+


+--------------------+
; Simulator Messages ;
+--------------------+
Info: *******************************************************************
Info: Running Quartus II Simulator
    Info: Version 9.1 Build 350 03/24/2010 Service Pack 2 SJ Web Edition
    Info: Processing started: Thu Jun 03 16:17:25 2021
Info: Command: quartus_sim --read_settings_files=on --write_settings_files=off light -c light
Info: Using vector source file "D:/DA_ER_xia/数电/数电实验/数电实验7/light1/light1/light.vwf"
Info: Overwriting simulation input file with simulation results
    Info: A backup of light.vwf called light.sim_ori.vwf has been created in the db folder
Info: Option to preserve fewer signal transitions to reduce memory requirements is enabled
    Info: Simulation has been partitioned into sub-simulations according to the maximum transition count determined by the engine. Transitions from memory will be flushed out to disk at the end of each sub-simulation to reduce memory requirements.
Info: Simulation partitioned into 1 sub-simulations
Info: Simulation coverage is      95.33 %
Info: Number of transitions in simulation is 9368
Info: Vector file light.vwf is saved in VWF text format. You can compress it into CVWF format in order to reduce file size. For more details please refer to the Quartus II Help.
Info: Quartus II Simulator was successful. 0 errors, 0 warnings
    Info: Peak virtual memory: 178 megabytes
    Info: Processing ended: Thu Jun 03 16:17:26 2021
    Info: Elapsed time: 00:00:01
    Info: Total CPU time (on all processors): 00:00:00


