Simulator report for Traffic_Light
Thu Jun 10 13:00:10 2021
Quartus II Version 9.1 Build 350 03/24/2010 Service Pack 2 SJ Web Edition


---------------------
; Table of Contents ;
---------------------
  1. Legal Notice
  2. Simulator Summary
  3. Simulator Settings
  4. Simulation Waveforms
  5. Coverage Summary
  6. Complete 1/0-Value Coverage
  7. Missing 1-Value Coverage
  8. Missing 0-Value Coverage
  9. Simulator INI Usage
 10. Simulator Messages



----------------
; Legal Notice ;
----------------
Copyright (C) 1991-2010 Altera Corporation
Your use of Altera Corporation's design tools, logic functions 
and other software and tools, and its AMPP partner logic 
functions, and any output files from any of the foregoing 
(including device programming or simulation files), and any 
associated documentation or information are expressly subject 
to the terms and conditions of the Altera Program License 
Subscription Agreement, Altera MegaCore Function License 
Agreement, or other applicable license agreement, including, 
without limitation, that your use is for the sole purpose of 
programming logic devices manufactured by Altera and sold by 
Altera or its authorized distributors.  Please refer to the 
applicable agreement for further details.



+--------------------------------------------+
; Simulator Summary                          ;
+-----------------------------+--------------+
; Type                        ; Value        ;
+-----------------------------+--------------+
; Simulation Start Time       ; 0 ps         ;
; Simulation End Time         ; 1.0 us       ;
; Simulation Netlist Size     ; 116 nodes    ;
; Simulation Coverage         ;      90.52 % ;
; Total Number of Transitions ; 1581         ;
; Simulation Breakpoints      ; 0            ;
; Family                      ; Cyclone II   ;
+-----------------------------+--------------+


+----------------------------------------------------------------------------------------------------------------------------------+
; Simulator Settings                                                                                                               ;
+--------------------------------------------------------------------------------------------+---------------------+---------------+
; Option                                                                                     ; Setting             ; Default Value ;
+--------------------------------------------------------------------------------------------+---------------------+---------------+
; Simulation mode                                                                            ; Functional          ; Timing        ;
; Start time                                                                                 ; 0 ns                ; 0 ns          ;
; Simulation results format                                                                  ; CVWF                ;               ;
; Vector input source                                                                        ; Traffic_Light_2.vwf ;               ;
; Add pins automatically to simulation output waveforms                                      ; On                  ; On            ;
; Check outputs                                                                              ; Off                 ; Off           ;
; Report simulation coverage                                                                 ; On                  ; On            ;
; Display complete 1/0 value coverage report                                                 ; On                  ; On            ;
; Display missing 1-value coverage report                                                    ; On                  ; On            ;
; Display missing 0-value coverage report                                                    ; On                  ; On            ;
; Detect setup and hold time violations                                                      ; Off                 ; Off           ;
; Detect glitches                                                                            ; Off                 ; Off           ;
; Disable timing delays in Timing Simulation                                                 ; Off                 ; Off           ;
; Generate Signal Activity File                                                              ; Off                 ; Off           ;
; Generate VCD File for PowerPlay Power Analyzer                                             ; Off                 ; Off           ;
; Group bus channels in simulation results                                                   ; Off                 ; Off           ;
; Preserve fewer signal transitions to reduce memory requirements                            ; On                  ; On            ;
; Trigger vector comparison with the specified mode                                          ; INPUT_EDGE          ; INPUT_EDGE    ;
; Disable setup and hold time violations detection in input registers of bi-directional pins ; Off                 ; Off           ;
; Overwrite Waveform Inputs With Simulation Outputs                                          ; On                  ;               ;
; Perform Glitch Filtering in Timing Simulation                                              ; Auto                ; Auto          ;
+--------------------------------------------------------------------------------------------+---------------------+---------------+


+----------------------+
; Simulation Waveforms ;
+----------------------+
Waveform report data cannot be output to ASCII.
Please use Quartus II to view the waveform report data.


+--------------------------------------------------------------------+
; Coverage Summary                                                   ;
+-----------------------------------------------------+--------------+
; Type                                                ; Value        ;
+-----------------------------------------------------+--------------+
; Total coverage as a percentage                      ;      90.52 % ;
; Total nodes checked                                 ; 116          ;
; Total output ports checked                          ; 116          ;
; Total output ports with complete 1/0-value coverage ; 105          ;
; Total output ports with no 1/0-value coverage       ; 10           ;
; Total output ports with no 1-value coverage         ; 11           ;
; Total output ports with no 0-value coverage         ; 10           ;
+-----------------------------------------------------+--------------+


The following table displays output ports that toggle between 1 and 0 during simulation.
+----------------------------------------------------------------------------------------------------------------------------------------------------------------------------------------------------------------------------+
; Complete 1/0-Value Coverage                                                                                                                                                                                                ;
+----------------------------------------------------------------------------------------------------+----------------------------------------------------------------------------------------------------+------------------+
; Node Name                                                                                          ; Output Port Name                                                                                   ; Output Port Type ;
+----------------------------------------------------------------------------------------------------+----------------------------------------------------------------------------------------------------+------------------+
; |Traffic_Light_2|D0                                                                                ; |Traffic_Light_2|D0                                                                                ; pin_out          ;
; |Traffic_Light_2|inst20                                                                            ; |Traffic_Light_2|inst20                                                                            ; out0             ;
; |Traffic_Light_2|inst29                                                                            ; |Traffic_Light_2|inst29                                                                            ; out0             ;
; |Traffic_Light_2|inst22                                                                            ; |Traffic_Light_2|inst22                                                                            ; out0             ;
; |Traffic_Light_2|inst21                                                                            ; |Traffic_Light_2|inst21                                                                            ; out0             ;
; |Traffic_Light_2|inst3                                                                             ; |Traffic_Light_2|inst3                                                                             ; out0             ;
; |Traffic_Light_2|CLK                                                                               ; |Traffic_Light_2|CLK                                                                               ; out              ;
; |Traffic_Light_2|inst2                                                                             ; |Traffic_Light_2|inst2                                                                             ; out0             ;
; |Traffic_Light_2|CAR                                                                               ; |Traffic_Light_2|CAR                                                                               ; out              ;
; |Traffic_Light_2|P                                                                                 ; |Traffic_Light_2|P                                                                                 ; out              ;
; |Traffic_Light_2|D1                                                                                ; |Traffic_Light_2|D1                                                                                ; pin_out          ;
; |Traffic_Light_2|D2                                                                                ; |Traffic_Light_2|D2                                                                                ; pin_out          ;
; |Traffic_Light_2|D3                                                                                ; |Traffic_Light_2|D3                                                                                ; pin_out          ;
; |Traffic_Light_2|D4                                                                                ; |Traffic_Light_2|D4                                                                                ; pin_out          ;
; |Traffic_Light_2|D5                                                                                ; |Traffic_Light_2|D5                                                                                ; pin_out          ;
; |Traffic_Light_2|D8                                                                                ; |Traffic_Light_2|D8                                                                                ; pin_out          ;
; |Traffic_Light_2|D9                                                                                ; |Traffic_Light_2|D9                                                                                ; pin_out          ;
; |Traffic_Light_2|D10                                                                               ; |Traffic_Light_2|D10                                                                               ; pin_out          ;
; |Traffic_Light_2|D11                                                                               ; |Traffic_Light_2|D11                                                                               ; pin_out          ;
; |Traffic_Light_2|D12                                                                               ; |Traffic_Light_2|D12                                                                               ; pin_out          ;
; |Traffic_Light_2|D13                                                                               ; |Traffic_Light_2|D13                                                                               ; pin_out          ;
; |Traffic_Light_2|green_0                                                                           ; |Traffic_Light_2|green_0                                                                           ; pin_out          ;
; |Traffic_Light_2|inst30                                                                            ; |Traffic_Light_2|inst30                                                                            ; regout           ;
; |Traffic_Light_2|inst31                                                                            ; |Traffic_Light_2|inst31                                                                            ; regout           ;
; |Traffic_Light_2|yellow_1                                                                          ; |Traffic_Light_2|yellow_1                                                                          ; pin_out          ;
; |Traffic_Light_2|yellow_0                                                                          ; |Traffic_Light_2|yellow_0                                                                          ; pin_out          ;
; |Traffic_Light_2|red_0                                                                             ; |Traffic_Light_2|red_0                                                                             ; pin_out          ;
; |Traffic_Light_2|red_1                                                                             ; |Traffic_Light_2|red_1                                                                             ; pin_out          ;
; |Traffic_Light_2|green_1                                                                           ; |Traffic_Light_2|green_1                                                                           ; pin_out          ;
; |Traffic_Light_2|Light_controller:inst|inst                                                        ; |Traffic_Light_2|Light_controller:inst|inst                                                        ; out0             ;
; |Traffic_Light_2|Light_controller:inst|inst7                                                       ; |Traffic_Light_2|Light_controller:inst|inst7                                                       ; out0             ;
; |Traffic_Light_2|Light_controller:inst|inst11                                                      ; |Traffic_Light_2|Light_controller:inst|inst11                                                      ; out0             ;
; |Traffic_Light_2|Light_controller:inst|inst16                                                      ; |Traffic_Light_2|Light_controller:inst|inst16                                                      ; out0             ;
; |Traffic_Light_2|Light_controller:inst|inst14                                                      ; |Traffic_Light_2|Light_controller:inst|inst14                                                      ; out0             ;
; |Traffic_Light_2|Light_controller:inst|inst13                                                      ; |Traffic_Light_2|Light_controller:inst|inst13                                                      ; out0             ;
; |Traffic_Light_2|Light_controller:inst|inst15                                                      ; |Traffic_Light_2|Light_controller:inst|inst15                                                      ; out0             ;
; |Traffic_Light_2|Light_controller:inst|inst17                                                      ; |Traffic_Light_2|Light_controller:inst|inst17                                                      ; out0             ;
; |Traffic_Light_2|lpm_mux0:inst12|lpm_mux:lpm_mux_component|mux_umc:auto_generated|result_node[5]~2 ; |Traffic_Light_2|lpm_mux0:inst12|lpm_mux:lpm_mux_component|mux_umc:auto_generated|result_node[5]~2 ; out0             ;
; |Traffic_Light_2|lpm_mux0:inst12|lpm_mux:lpm_mux_component|mux_umc:auto_generated|result_node[3]~4 ; |Traffic_Light_2|lpm_mux0:inst12|lpm_mux:lpm_mux_component|mux_umc:auto_generated|result_node[3]~4 ; out0             ;
; |Traffic_Light_2|lpm_mux0:inst12|lpm_mux:lpm_mux_component|mux_umc:auto_generated|result_node[2]~5 ; |Traffic_Light_2|lpm_mux0:inst12|lpm_mux:lpm_mux_component|mux_umc:auto_generated|result_node[2]~5 ; out0             ;
; |Traffic_Light_2|lpm_mux0:inst12|lpm_mux:lpm_mux_component|mux_umc:auto_generated|result_node[0]~7 ; |Traffic_Light_2|lpm_mux0:inst12|lpm_mux:lpm_mux_component|mux_umc:auto_generated|result_node[0]~7 ; out0             ;
; |Traffic_Light_2|Counter_down:inst26|inst22                                                        ; |Traffic_Light_2|Counter_down:inst26|inst22                                                        ; out0             ;
; |Traffic_Light_2|Counter_down:inst26|inst18                                                        ; |Traffic_Light_2|Counter_down:inst26|inst18                                                        ; regout           ;
; |Traffic_Light_2|Counter_down:inst26|inst21                                                        ; |Traffic_Light_2|Counter_down:inst26|inst21                                                        ; out0             ;
; |Traffic_Light_2|Counter_down:inst26|74192:inst16|28                                               ; |Traffic_Light_2|Counter_down:inst26|74192:inst16|28                                               ; out0             ;
; |Traffic_Light_2|Counter_down:inst26|74192:inst16|25                                               ; |Traffic_Light_2|Counter_down:inst26|74192:inst16|25                                               ; regout           ;
; |Traffic_Light_2|Counter_down:inst26|74192:inst16|74                                               ; |Traffic_Light_2|Counter_down:inst26|74192:inst16|74                                               ; out0             ;
; |Traffic_Light_2|Counter_down:inst26|74192:inst16|72                                               ; |Traffic_Light_2|Counter_down:inst26|74192:inst16|72                                               ; out0             ;
; |Traffic_Light_2|Counter_down:inst26|74192:inst16|23                                               ; |Traffic_Light_2|Counter_down:inst26|74192:inst16|23                                               ; regout           ;
; |Traffic_Light_2|Counter_down:inst26|74192:inst16|55                                               ; |Traffic_Light_2|Counter_down:inst26|74192:inst16|55                                               ; out0             ;
; |Traffic_Light_2|Counter_down:inst26|74192:inst16|16                                               ; |Traffic_Light_2|Counter_down:inst26|74192:inst16|16                                               ; out0             ;
; |Traffic_Light_2|Counter_down:inst26|74192:inst16|26                                               ; |Traffic_Light_2|Counter_down:inst26|74192:inst16|26                                               ; regout           ;
; |Traffic_Light_2|Counter_down:inst26|74192:inst16|52                                               ; |Traffic_Light_2|Counter_down:inst26|74192:inst16|52                                               ; out0             ;
; |Traffic_Light_2|Counter_down:inst26|74192:inst16|13                                               ; |Traffic_Light_2|Counter_down:inst26|74192:inst16|13                                               ; out0             ;
; |Traffic_Light_2|Counter_down:inst26|74192:inst16|24                                               ; |Traffic_Light_2|Counter_down:inst26|74192:inst16|24                                               ; regout           ;
; |Traffic_Light_2|Counter_down:inst26|74192:inst16|54                                               ; |Traffic_Light_2|Counter_down:inst26|74192:inst16|54                                               ; out0             ;
; |Traffic_Light_2|Counter_down:inst26|74192:inst16|15                                               ; |Traffic_Light_2|Counter_down:inst26|74192:inst16|15                                               ; out0             ;
; |Traffic_Light_2|Counter_down:inst26|74192:inst16|71                                               ; |Traffic_Light_2|Counter_down:inst26|74192:inst16|71                                               ; out0             ;
; |Traffic_Light_2|Counter_down:inst26|74192:inst16|22                                               ; |Traffic_Light_2|Counter_down:inst26|74192:inst16|22                                               ; out0             ;
; |Traffic_Light_2|Counter_down:inst26|74192:inst17|28                                               ; |Traffic_Light_2|Counter_down:inst26|74192:inst17|28                                               ; out0             ;
; |Traffic_Light_2|Counter_down:inst26|74192:inst17|25                                               ; |Traffic_Light_2|Counter_down:inst26|74192:inst17|25                                               ; regout           ;
; |Traffic_Light_2|Counter_down:inst26|74192:inst17|53                                               ; |Traffic_Light_2|Counter_down:inst26|74192:inst17|53                                               ; out0             ;
; |Traffic_Light_2|Counter_down:inst26|74192:inst17|14                                               ; |Traffic_Light_2|Counter_down:inst26|74192:inst17|14                                               ; out0             ;
; |Traffic_Light_2|Counter_down:inst26|74192:inst17|74                                               ; |Traffic_Light_2|Counter_down:inst26|74192:inst17|74                                               ; out0             ;
; |Traffic_Light_2|Counter_down:inst26|74192:inst17|72                                               ; |Traffic_Light_2|Counter_down:inst26|74192:inst17|72                                               ; out0             ;
; |Traffic_Light_2|Counter_down:inst26|74192:inst17|26                                               ; |Traffic_Light_2|Counter_down:inst26|74192:inst17|26                                               ; regout           ;
; |Traffic_Light_2|Counter_down:inst26|74192:inst17|52                                               ; |Traffic_Light_2|Counter_down:inst26|74192:inst17|52                                               ; out0             ;
; |Traffic_Light_2|Counter_down:inst26|74192:inst17|13                                               ; |Traffic_Light_2|Counter_down:inst26|74192:inst17|13                                               ; out0             ;
; |Traffic_Light_2|Counter_down:inst26|74192:inst17|22                                               ; |Traffic_Light_2|Counter_down:inst26|74192:inst17|22                                               ; out0             ;
; |Traffic_Light_2|State_machine_4:inst1|inst3                                                       ; |Traffic_Light_2|State_machine_4:inst1|inst3                                                       ; regout           ;
; |Traffic_Light_2|State_machine_4:inst1|inst4                                                       ; |Traffic_Light_2|State_machine_4:inst1|inst4                                                       ; out0             ;
; |Traffic_Light_2|State_machine_4:inst1|inst2                                                       ; |Traffic_Light_2|State_machine_4:inst1|inst2                                                       ; regout           ;
; |Traffic_Light_2|lpm_mux0:inst11|lpm_mux:lpm_mux_component|mux_umc:auto_generated|result_node[5]~2 ; |Traffic_Light_2|lpm_mux0:inst11|lpm_mux:lpm_mux_component|mux_umc:auto_generated|result_node[5]~2 ; out0             ;
; |Traffic_Light_2|lpm_mux0:inst11|lpm_mux:lpm_mux_component|mux_umc:auto_generated|result_node[4]~3 ; |Traffic_Light_2|lpm_mux0:inst11|lpm_mux:lpm_mux_component|mux_umc:auto_generated|result_node[4]~3 ; out0             ;
; |Traffic_Light_2|lpm_mux0:inst11|lpm_mux:lpm_mux_component|mux_umc:auto_generated|result_node[3]~4 ; |Traffic_Light_2|lpm_mux0:inst11|lpm_mux:lpm_mux_component|mux_umc:auto_generated|result_node[3]~4 ; out0             ;
; |Traffic_Light_2|lpm_mux0:inst11|lpm_mux:lpm_mux_component|mux_umc:auto_generated|result_node[0]~7 ; |Traffic_Light_2|lpm_mux0:inst11|lpm_mux:lpm_mux_component|mux_umc:auto_generated|result_node[0]~7 ; out0             ;
; |Traffic_Light_2|lpm_mux0:inst11|lpm_mux:lpm_mux_component|mux_umc:auto_generated|result_node[4]   ; |Traffic_Light_2|lpm_mux0:inst11|lpm_mux:lpm_mux_component|mux_umc:auto_generated|result_node[4]   ; out0             ;
; |Traffic_Light_2|Counter_down:inst25|inst22                                                        ; |Traffic_Light_2|Counter_down:inst25|inst22                                                        ; out0             ;
; |Traffic_Light_2|Counter_down:inst25|inst18                                                        ; |Traffic_Light_2|Counter_down:inst25|inst18                                                        ; regout           ;
; |Traffic_Light_2|Counter_down:inst25|inst21                                                        ; |Traffic_Light_2|Counter_down:inst25|inst21                                                        ; out0             ;
; |Traffic_Light_2|Counter_down:inst25|74192:inst16|28                                               ; |Traffic_Light_2|Counter_down:inst25|74192:inst16|28                                               ; out0             ;
; |Traffic_Light_2|Counter_down:inst25|74192:inst16|25                                               ; |Traffic_Light_2|Counter_down:inst25|74192:inst16|25                                               ; regout           ;
; |Traffic_Light_2|Counter_down:inst25|74192:inst16|74                                               ; |Traffic_Light_2|Counter_down:inst25|74192:inst16|74                                               ; out0             ;
; |Traffic_Light_2|Counter_down:inst25|74192:inst16|72                                               ; |Traffic_Light_2|Counter_down:inst25|74192:inst16|72                                               ; out0             ;
; |Traffic_Light_2|Counter_down:inst25|74192:inst16|23                                               ; |Traffic_Light_2|Counter_down:inst25|74192:inst16|23                                               ; regout           ;
; |Traffic_Light_2|Counter_down:inst25|74192:inst16|55                                               ; |Traffic_Light_2|Counter_down:inst25|74192:inst16|55                                               ; out0             ;
; |Traffic_Light_2|Counter_down:inst25|74192:inst16|16                                               ; |Traffic_Light_2|Counter_down:inst25|74192:inst16|16                                               ; out0             ;
; |Traffic_Light_2|Counter_down:inst25|74192:inst16|26                                               ; |Traffic_Light_2|Counter_down:inst25|74192:inst16|26                                               ; regout           ;
; |Traffic_Light_2|Counter_down:inst25|74192:inst16|52                                               ; |Traffic_Light_2|Counter_down:inst25|74192:inst16|52                                               ; out0             ;
; |Traffic_Light_2|Counter_down:inst25|74192:inst16|13                                               ; |Traffic_Light_2|Counter_down:inst25|74192:inst16|13                                               ; out0             ;
; |Traffic_Light_2|Counter_down:inst25|74192:inst16|24                                               ; |Traffic_Light_2|Counter_down:inst25|74192:inst16|24                                               ; regout           ;
; |Traffic_Light_2|Counter_down:inst25|74192:inst16|54                                               ; |Traffic_Light_2|Counter_down:inst25|74192:inst16|54                                               ; out0             ;
; |Traffic_Light_2|Counter_down:inst25|74192:inst16|15                                               ; |Traffic_Light_2|Counter_down:inst25|74192:inst16|15                                               ; out0             ;
; |Traffic_Light_2|Counter_down:inst25|74192:inst16|71                                               ; |Traffic_Light_2|Counter_down:inst25|74192:inst16|71                                               ; out0             ;
; |Traffic_Light_2|Counter_down:inst25|74192:inst16|22                                               ; |Traffic_Light_2|Counter_down:inst25|74192:inst16|22                                               ; out0             ;
; |Traffic_Light_2|Counter_down:inst25|74192:inst17|28                                               ; |Traffic_Light_2|Counter_down:inst25|74192:inst17|28                                               ; out0             ;
; |Traffic_Light_2|Counter_down:inst25|74192:inst17|25                                               ; |Traffic_Light_2|Counter_down:inst25|74192:inst17|25                                               ; regout           ;
; |Traffic_Light_2|Counter_down:inst25|74192:inst17|53                                               ; |Traffic_Light_2|Counter_down:inst25|74192:inst17|53                                               ; out0             ;
; |Traffic_Light_2|Counter_down:inst25|74192:inst17|14                                               ; |Traffic_Light_2|Counter_down:inst25|74192:inst17|14                                               ; out0             ;
; |Traffic_Light_2|Counter_down:inst25|74192:inst17|74                                               ; |Traffic_Light_2|Counter_down:inst25|74192:inst17|74                                               ; out0             ;
; |Traffic_Light_2|Counter_down:inst25|74192:inst17|72                                               ; |Traffic_Light_2|Counter_down:inst25|74192:inst17|72                                               ; out0             ;
; |Traffic_Light_2|Counter_down:inst25|74192:inst17|26                                               ; |Traffic_Light_2|Counter_down:inst25|74192:inst17|26                                               ; regout           ;
; |Traffic_Light_2|Counter_down:inst25|74192:inst17|52                                               ; |Traffic_Light_2|Counter_down:inst25|74192:inst17|52                                               ; out0             ;
; |Traffic_Light_2|Counter_down:inst25|74192:inst17|13                                               ; |Traffic_Light_2|Counter_down:inst25|74192:inst17|13                                               ; out0             ;
; |Traffic_Light_2|Counter_down:inst25|74192:inst17|22                                               ; |Traffic_Light_2|Counter_down:inst25|74192:inst17|22                                               ; out0             ;
+----------------------------------------------------------------------------------------------------+----------------------------------------------------------------------------------------------------+------------------+


The following table displays output ports that do not toggle to 1 during simulation.
+--------------------------------------------------------------------------------------------------------------------------------+
; Missing 1-Value Coverage                                                                                                       ;
+------------------------------------------------------+------------------------------------------------------+------------------+
; Node Name                                            ; Output Port Name                                     ; Output Port Type ;
+------------------------------------------------------+------------------------------------------------------+------------------+
; |Traffic_Light_2|START                               ; |Traffic_Light_2|START                               ; out              ;
; |Traffic_Light_2|D6                                  ; |Traffic_Light_2|D6                                  ; pin_out          ;
; |Traffic_Light_2|D7                                  ; |Traffic_Light_2|D7                                  ; pin_out          ;
; |Traffic_Light_2|D14                                 ; |Traffic_Light_2|D14                                 ; pin_out          ;
; |Traffic_Light_2|D15                                 ; |Traffic_Light_2|D15                                 ; pin_out          ;
; |Traffic_Light_2|Counter_down:inst26|74192:inst17|23 ; |Traffic_Light_2|Counter_down:inst26|74192:inst17|23 ; regout           ;
; |Traffic_Light_2|Counter_down:inst26|74192:inst17|24 ; |Traffic_Light_2|Counter_down:inst26|74192:inst17|24 ; regout           ;
; |Traffic_Light_2|Counter_down:inst26|74192:inst17|71 ; |Traffic_Light_2|Counter_down:inst26|74192:inst17|71 ; out0             ;
; |Traffic_Light_2|Counter_down:inst25|74192:inst17|23 ; |Traffic_Light_2|Counter_down:inst25|74192:inst17|23 ; regout           ;
; |Traffic_Light_2|Counter_down:inst25|74192:inst17|24 ; |Traffic_Light_2|Counter_down:inst25|74192:inst17|24 ; regout           ;
; |Traffic_Light_2|Counter_down:inst25|74192:inst17|71 ; |Traffic_Light_2|Counter_down:inst25|74192:inst17|71 ; out0             ;
+------------------------------------------------------+------------------------------------------------------+------------------+


The following table displays output ports that do not toggle to 0 during simulation.
+--------------------------------------------------------------------------------------------------------------------------------+
; Missing 0-Value Coverage                                                                                                       ;
+------------------------------------------------------+------------------------------------------------------+------------------+
; Node Name                                            ; Output Port Name                                     ; Output Port Type ;
+------------------------------------------------------+------------------------------------------------------+------------------+
; |Traffic_Light_2|D6                                  ; |Traffic_Light_2|D6                                  ; pin_out          ;
; |Traffic_Light_2|D7                                  ; |Traffic_Light_2|D7                                  ; pin_out          ;
; |Traffic_Light_2|D14                                 ; |Traffic_Light_2|D14                                 ; pin_out          ;
; |Traffic_Light_2|D15                                 ; |Traffic_Light_2|D15                                 ; pin_out          ;
; |Traffic_Light_2|Counter_down:inst26|74192:inst17|23 ; |Traffic_Light_2|Counter_down:inst26|74192:inst17|23 ; regout           ;
; |Traffic_Light_2|Counter_down:inst26|74192:inst17|24 ; |Traffic_Light_2|Counter_down:inst26|74192:inst17|24 ; regout           ;
; |Traffic_Light_2|Counter_down:inst26|74192:inst17|71 ; |Traffic_Light_2|Counter_down:inst26|74192:inst17|71 ; out0             ;
; |Traffic_Light_2|Counter_down:inst25|74192:inst17|23 ; |Traffic_Light_2|Counter_down:inst25|74192:inst17|23 ; regout           ;
; |Traffic_Light_2|Counter_down:inst25|74192:inst17|24 ; |Traffic_Light_2|Counter_down:inst25|74192:inst17|24 ; regout           ;
; |Traffic_Light_2|Counter_down:inst25|74192:inst17|71 ; |Traffic_Light_2|Counter_down:inst25|74192:inst17|71 ; out0             ;
+------------------------------------------------------+------------------------------------------------------+------------------+


+---------------------+
; Simulator INI Usage ;
+--------+------------+
; Option ; Usage      ;
+--------+------------+


+--------------------+
; Simulator Messages ;
+--------------------+
Info: *******************************************************************
Info: Running Quartus II Simulator
    Info: Version 9.1 Build 350 03/24/2010 Service Pack 2 SJ Web Edition
    Info: Processing started: Thu Jun 10 13:00:10 2021
Info: Command: quartus_sim --read_settings_files=on --write_settings_files=off Traffic_Light -c Traffic_Light
Info: Using vector source file "C:/Users/asus/Desktop/quartus/Traffic_Light_2.vwf"
Info: Overwriting simulation input file with simulation results
    Info: A backup of Traffic_Light_2.vwf called Traffic_Light.sim_ori.vwf has been created in the db folder
Info: Option to preserve fewer signal transitions to reduce memory requirements is enabled
    Info: Simulation has been partitioned into sub-simulations according to the maximum transition count determined by the engine. Transitions from memory will be flushed out to disk at the end of each sub-simulation to reduce memory requirements.
Warning: Found clock-sensitive change during active clock edge at time 465.0 ns on register "|Traffic_Light_2|Counter_down:inst25|inst18"
Warning: Found clock-sensitive change during active clock edge at time 495.0 ns on register "|Traffic_Light_2|Counter_down:inst26|inst18"
Warning: Found clock-sensitive change during active clock edge at time 500.0 ns on register "|Traffic_Light_2|Counter_down:inst26|74192:inst16|26"
Warning: Found clock-sensitive change during active clock edge at time 500.0 ns on register "|Traffic_Light_2|Counter_down:inst26|74192:inst17|26"
Warning: Found clock-sensitive change during active clock edge at time 500.0 ns on register "|Traffic_Light_2|Counter_down:inst25|74192:inst17|26"
Warning: Found clock-sensitive change during active clock edge at time 700.0 ns on register "|Traffic_Light_2|Counter_down:inst25|74192:inst16|26"
Warning: Found clock-sensitive change during active clock edge at time 700.0 ns on register "|Traffic_Light_2|Counter_down:inst26|74192:inst16|23"
Warning: Found clock-sensitive change during active clock edge at time 700.0 ns on register "|Traffic_Light_2|Counter_down:inst25|74192:inst16|23"
Info: Simulation partitioned into 1 sub-simulations
Info: Simulation coverage is      90.52 %
Info: Number of transitions in simulation is 1581
Info: Vector file Traffic_Light_2.vwf is saved in VWF text format. You can compress it into CVWF format in order to reduce file size. For more details please refer to the Quartus II Help.
Info: Quartus II Simulator was successful. 0 errors, 8 warnings
    Info: Peak virtual memory: 172 megabytes
    Info: Processing ended: Thu Jun 10 13:00:10 2021
    Info: Elapsed time: 00:00:00
    Info: Total CPU time (on all processors): 00:00:00


